Error: Maximun 4 tickets can buy in one buy transaction.
