Error: Number of tickets to buy should greater than 0.
