login fuller sell event 10 1 buy event 1 buyer yes logout
