Error: Refund credit should greater or equal than 0.
