Error: Event name length should longer than 0 characters.
