Error: Event name length should less than 26 characters.
