Error: Number of tickets in one sell should not more than 100.
