Error: addcredit in Adminmode takes exactly 2 arguments.
